com\example\amplify\services\SongServices.class
com\example\amplify\controllers\PlaylistController.class
com\example\amplify\model\Song.class
com\example\amplify\controllers\LoginController.class
com\example\amplify\repositories\PlaylistRepository.class
com\example\amplify\repositories\UserRepository.class
com\example\amplify\model\User.class
com\example\amplify\controllers\BaseController.class
com\example\amplify\repositories\AlbumRepository.class
com\example\amplify\services\UserServices.class
com\example\amplify\controllers\AlbumController.class
com\example\amplify\controllers\LibraryController.class
com\example\amplify\services\AlbumServices.class
com\example\amplify\controllers\SongController.class
com\example\amplify\repositories\SongRepository.class
com\example\amplify\model\Artist.class
com\example\amplify\controllers\ArtistController.class
com\example\amplify\AmplifyApplication.class
com\example\amplify\model\Playlist.class
com\example\amplify\controllers\UserController.class
com\example\amplify\services\PlaylistServices.class
com\example\amplify\services\ArtistServices.class
com\example\amplify\repositories\ArtistRepository.class
com\example\amplify\model\Album.class
