C:\Users\Itachi\Documents\GitHub\Amplify\Amplify\src\main\java\com\example\amplify\model\Playlist.java
C:\Users\Itachi\Documents\GitHub\Amplify\Amplify\src\main\java\com\example\amplify\services\AlbumServices.java
C:\Users\Itachi\Documents\GitHub\Amplify\Amplify\src\main\java\com\example\amplify\controllers\AlbumController.java
C:\Users\Itachi\Documents\GitHub\Amplify\Amplify\src\main\java\com\example\amplify\repositories\UserRepository.java
C:\Users\Itachi\Documents\GitHub\Amplify\Amplify\src\main\java\com\example\amplify\controllers\LoginController.java
C:\Users\Itachi\Documents\GitHub\Amplify\Amplify\src\main\java\com\example\amplify\repositories\SongRepository.java
C:\Users\Itachi\Documents\GitHub\Amplify\Amplify\src\main\java\com\example\amplify\services\UserServices.java
C:\Users\Itachi\Documents\GitHub\Amplify\Amplify\src\main\java\com\example\amplify\controllers\ArtistController.java
C:\Users\Itachi\Documents\GitHub\Amplify\Amplify\src\main\java\com\example\amplify\controllers\UserController.java
C:\Users\Itachi\Documents\GitHub\Amplify\Amplify\src\main\java\com\example\amplify\controllers\PlaylistController.java
C:\Users\Itachi\Documents\GitHub\Amplify\Amplify\src\main\java\com\example\amplify\controllers\LibraryController.java
C:\Users\Itachi\Documents\GitHub\Amplify\Amplify\src\main\java\com\example\amplify\model\Album.java
C:\Users\Itachi\Documents\GitHub\Amplify\Amplify\src\main\java\com\example\amplify\services\ArtistServices.java
C:\Users\Itachi\Documents\GitHub\Amplify\Amplify\src\main\java\com\example\amplify\model\Artist.java
C:\Users\Itachi\Documents\GitHub\Amplify\Amplify\src\main\java\com\example\amplify\model\Song.java
C:\Users\Itachi\Documents\GitHub\Amplify\Amplify\src\main\java\com\example\amplify\controllers\SongController.java
C:\Users\Itachi\Documents\GitHub\Amplify\Amplify\src\main\java\com\example\amplify\AmplifyApplication.java
C:\Users\Itachi\Documents\GitHub\Amplify\Amplify\src\main\java\com\example\amplify\repositories\AlbumRepository.java
C:\Users\Itachi\Documents\GitHub\Amplify\Amplify\src\main\java\com\example\amplify\controllers\BaseController.java
C:\Users\Itachi\Documents\GitHub\Amplify\Amplify\src\main\java\com\example\amplify\model\User.java
C:\Users\Itachi\Documents\GitHub\Amplify\Amplify\src\main\java\com\example\amplify\repositories\ArtistRepository.java
C:\Users\Itachi\Documents\GitHub\Amplify\Amplify\src\main\java\com\example\amplify\services\SongServices.java
C:\Users\Itachi\Documents\GitHub\Amplify\Amplify\src\main\java\com\example\amplify\repositories\PlaylistRepository.java
C:\Users\Itachi\Documents\GitHub\Amplify\Amplify\src\main\java\com\example\amplify\services\PlaylistServices.java
